---
source: src/mcp/tools/definitions.rs
expression: desc
---
ALWAYS group every file you need into ONE tilth_read call via paths: [...]. Never call tilth_read twice in a row.

Read files with smart auto-sizing. **Defaults are tuned — omit `mode` unless you specifically need to force a size.** Example: `tilth_read(paths: ["src/lib.rs", "src/mcp.rs#tool_search"])` returns full small files, hash-prefixed signatures for large code, and sliced suffix reads when requested. Suffix grammar: `path#n-m`, `path#n`, `path### Heading`, `path#symbol_name`. Modes: `full` (force full content), `signature` (hash-prefixed symbol headers, no bodies), `stripped` (whole file with plain comments, debug logs, and consecutive blank lines removed — doc comments and TODO/FIXME kept; non-editable view).

Output format: each line is prefixed `<line>:<3-hex-hash>|<content>`, e.g. `42:a1b|let x = 1;`. The hash anchors the line to its current content — copy the `<line>:<3-hex-hash>` portion (everything before `|`) into tilth_write `start`/`end` anchors for a drift-safe edit. Ignore the prefix when reading; resume after the `|`. Exception: `mode=stripped` uses a plain `<line>  <content>` gutter (no hash, no `|`); stripped output is non-contiguous with disk and cannot round-trip through `tilth_write`.

Responses lead with a single JSON header line carrying any structured signals at once. Fields:
- `if_modified_since: "<ts>"` — pass that exact ts in your next `tilth_read` call's `if_modified_since` to get `(unchanged @ <ts>)` stubs for files that haven't changed.
- `view: "outline" | "signature" | "stripped"` — the shape the response was rendered as. Absent means full content.
- `original_line_count: <N>` — the file's line count before view shaping or budget clipping.
- `next_view: "full"` — appears when escalating to a larger view would surface content currently hidden. Absent on explicit shape requests (you already chose the view).
- `lines_stripped: <N>` — only on `view: "stripped"`; how many lines the strip pass removed.
- `truncated: true`, `truncated_at_line: <N>` — appear when a `budget` arg actually clipped the body. Use with `original_line_count` to render "showing 1–N of M lines".
